// Jest Snapshot v1, https://goo.gl/fbAQLP

exports[`render mobile menu 1`] = `
<button
  class="button primary"
  type="button"
>
  Hello
</button>
`;

exports[`testing button Simple button without icon 1`] = `
<button
  class="button primary"
  type="button"
>
  Hello
</button>
`;

exports[`testing button Simple button without icon 2`] = `
<button
  class="button primary"
  type="button"
>
  <svg
    aria-hidden="true"
    class="svg-inline--fa fa-xmark icon"
    data-icon="xmark"
    data-prefix="fas"
    focusable="false"
    role="img"
    viewBox="0 0 320 512"
    xmlns="http://www.w3.org/2000/svg"
  >
    <path
      d="M310.6 150.6c12.5-12.5 12.5-32.8 0-45.3s-32.8-12.5-45.3 0L160 210.7 54.6 105.4c-12.5-12.5-32.8-12.5-45.3 0s-12.5 32.8 0 45.3L114.7 256 9.4 361.4c-12.5 12.5-12.5 32.8 0 45.3s32.8 12.5 45.3 0L160 301.3 265.4 406.6c12.5 12.5 32.8 12.5 45.3 0s12.5-32.8 0-45.3L205.3 256 310.6 150.6z"
      fill="currentColor"
    />
  </svg>
  Hello
</button>
`;

exports[`testing button render mobile menu 1`] = `
<button
  class="button primary"
  type="button"
>
  Hello
</button>
`;
